2025-08-11 12:17:32.910 -04:00 [INF] Starting DME Order Extraction
2025-08-11 12:17:32.983 -04:00 [INF] Reading note body from file
2025-08-11 12:17:32.984 -04:00 [ERR] Error processing physician note: Physician note file not found.
System.IO.FileNotFoundException: Physician note file not found.
   at Synapse.DMEOrders.NoteReader.Read(String fileName) in /Users/dragon/Lab/Synapse Tech Assessment/NoteReader.cs:line 23
   at Synapse.DMEOrders.DMEOrderExtractor.Main(String[] args) in /Users/dragon/Lab/Synapse Tech Assessment/DMEOrderExtractor.cs:line 25
2025-08-11 12:26:15.042 -04:00 [INF] Starting DME Order Extraction
2025-08-11 12:26:15.104 -04:00 [INF] Reading note body from file
2025-08-11 12:26:15.105 -04:00 [ERR] Error processing physician note: Physician note file not found.
System.IO.FileNotFoundException: Physician note file not found.
   at Synapse.DMEOrders.NoteReader.Read(String fileName) in /Users/dragon/Lab/Synapse Tech Assessment/NoteReader.cs:line 23
   at Synapse.DMEOrders.DMEOrderExtractor.Main(String[] args) in /Users/dragon/Lab/Synapse Tech Assessment/DMEOrderExtractor.cs:line 25
2025-08-11 12:31:37.661 -04:00 [INF] Starting DME Order Extraction
2025-08-11 12:31:37.724 -04:00 [INF] Reading note body from file
2025-08-11 12:31:37.725 -04:00 [INF] Reading file: physician_note.txt
2025-08-11 12:31:37.728 -04:00 [ERR] Error processing physician note: Physician note file not found.
System.IO.FileNotFoundException: Physician note file not found.
   at Synapse.DMEOrders.NoteReader.Read(String fileName) in /Users/dragon/Lab/Synapse Tech Assessment/NoteReader.cs:line 23
   at Synapse.DMEOrders.DMEOrderExtractor.Main(String[] args) in /Users/dragon/Lab/Synapse Tech Assessment/DMEOrderExtractor.cs:line 25
2025-08-11 12:32:09.034 -04:00 [INF] Starting DME Order Extraction
2025-08-11 12:32:09.095 -04:00 [INF] Reading note body from file
2025-08-11 12:32:09.096 -04:00 [INF] Reading file: physician_note.txt
2025-08-11 12:32:09.099 -04:00 [ERR] Error processing physician note: Physician note file not found.
System.IO.FileNotFoundException: Physician note file not found.
   at Synapse.DMEOrders.NoteReader.Read(String fileName) in /Users/dragon/Lab/Synapse Tech Assessment/NoteReader.cs:line 23
   at Synapse.DMEOrders.DMEOrderExtractor.Main(String[] args) in /Users/dragon/Lab/Synapse Tech Assessment/DMEOrderExtractor.cs:line 25
2025-08-11 12:32:32.883 -04:00 [INF] Starting DME Order Extraction
2025-08-11 12:32:32.945 -04:00 [INF] Reading note body from file
2025-08-11 12:32:32.946 -04:00 [INF] Reading file: physician_note1.txt
2025-08-11 12:32:32.950 -04:00 [INF] Extracting order from note body
2025-08-11 12:32:32.950 -04:00 [INF] Getting device info from note body
2025-08-11 12:32:32.951 -04:00 [INF] Extracting ordering physician from note body
2025-08-11 12:32:32.961 -04:00 [INF] Creating device info JSON
2025-08-11 12:32:32.990 -04:00 [INF] Sending order to API
2025-08-11 12:32:33.174 -04:00 [ERR] Error processing physician note: nodename nor servname provided, or not known (alert-api.com:443)
System.Net.Http.HttpRequestException: nodename nor servname provided, or not known (alert-api.com:443)
 ---> System.Net.Sockets.SocketException (0xFFFDFFFF): nodename nor servname provided, or not known
   at System.Net.Sockets.Socket.AwaitableSocketAsyncEventArgs.ThrowException(SocketError error, CancellationToken cancellationToken)
   at System.Net.Sockets.Socket.AwaitableSocketAsyncEventArgs.System.Threading.Tasks.Sources.IValueTaskSource.GetResult(Int16 token)
   at System.Net.Sockets.Socket.<ConnectAsync>g__WaitForConnectWithCancellation|277_0(AwaitableSocketAsyncEventArgs saea, ValueTask connectTask, CancellationToken cancellationToken)
   at System.Net.Http.HttpConnectionPool.ConnectToTcpHostAsync(String host, Int32 port, HttpRequestMessage initialRequest, Boolean async, CancellationToken cancellationToken)
   --- End of inner exception stack trace ---
   at System.Net.Http.HttpConnectionPool.ConnectToTcpHostAsync(String host, Int32 port, HttpRequestMessage initialRequest, Boolean async, CancellationToken cancellationToken)
   at System.Net.Http.HttpConnectionPool.ConnectAsync(HttpRequestMessage request, Boolean async, CancellationToken cancellationToken)
   at System.Net.Http.HttpConnectionPool.CreateHttp11ConnectionAsync(HttpRequestMessage request, Boolean async, CancellationToken cancellationToken)
   at System.Net.Http.HttpConnectionPool.AddHttp11ConnectionAsync(HttpRequestMessage request)
   at System.Threading.Tasks.TaskCompletionSourceWithCancellation`1.WaitWithCancellationAsync(CancellationToken cancellationToken)
   at System.Net.Http.HttpConnectionPool.GetHttp11ConnectionAsync(HttpRequestMessage request, Boolean async, CancellationToken cancellationToken)
   at System.Net.Http.HttpConnectionPool.SendWithVersionDetectionAndRetryAsync(HttpRequestMessage request, Boolean async, Boolean doRequestAuth, CancellationToken cancellationToken)
   at System.Net.Http.RedirectHandler.SendAsync(HttpRequestMessage request, Boolean async, CancellationToken cancellationToken)
   at System.Net.Http.HttpClient.<SendAsync>g__Core|83_0(HttpRequestMessage request, HttpCompletionOption completionOption, CancellationTokenSource cts, Boolean disposeCts, CancellationTokenSource pendingRequestsCts, CancellationToken originalCancellationToken)
   at Synapse.DMEOrders.OrderSender.Send(String json) in /Users/dragon/Lab/Synapse Tech Assessment/OrderSender.cs:line 22
   at Synapse.DMEOrders.DMEOrderExtractor.Main(String[] args) in /Users/dragon/Lab/Synapse Tech Assessment/DMEOrderExtractor.cs:line 33
2025-08-11 12:34:17.493 -04:00 [INF] Starting DME Order Extraction
2025-08-11 12:34:17.555 -04:00 [INF] Reading note body from file
2025-08-11 12:34:17.556 -04:00 [INF] Reading file: physician_note1.txt
2025-08-11 12:34:17.560 -04:00 [INF] Extracting order from note body
2025-08-11 12:34:17.561 -04:00 [INF] Getting device info from note body
2025-08-11 12:34:17.561 -04:00 [INF] Extracting ordering physician from note body
2025-08-11 12:34:17.571 -04:00 [INF] Creating device info JSON
2025-08-11 12:34:17.595 -04:00 [INF] Sending order to API
2025-08-11 12:34:17.626 -04:00 [INF] Sending order to API at https://alert-api.com/DrExtract: System.Net.Http.StringContent
2025-08-11 12:34:39.476 -04:00 [INF] Starting DME Order Extraction
2025-08-11 12:34:39.539 -04:00 [INF] Reading note body from file
2025-08-11 12:34:39.540 -04:00 [INF] Reading file: physician_note1.txt
2025-08-11 12:34:39.543 -04:00 [INF] Extracting order from note body
2025-08-11 12:34:39.544 -04:00 [INF] Getting device info from note body
2025-08-11 12:34:39.544 -04:00 [INF] Extracting ordering physician from note body
2025-08-11 12:34:39.555 -04:00 [INF] Creating device info JSON
2025-08-11 12:34:39.583 -04:00 [INF] Sending order to API
2025-08-11 12:34:39.618 -04:00 [INF] Sending order to API at https://alert-api.com/DrExtract: {
  "device": "Oxygen Tank",
  "mask_type": null,
  "add_ons": null,
  "qualifier": "",
  "ordering_provider": "Dr. Cuddy",
  "liters": "2 L",
  "usage": "sleep and exertion"
}
2025-08-11 12:35:24.991 -04:00 [INF] Starting DME Order Extraction
2025-08-11 12:35:25.053 -04:00 [INF] Reading note body from file
2025-08-11 12:35:25.054 -04:00 [INF] Reading file: physician_note2.txt
2025-08-11 12:35:25.057 -04:00 [INF] Extracting order from note body
2025-08-11 12:35:25.058 -04:00 [INF] Getting device info from note body
2025-08-11 12:35:25.061 -04:00 [INF] Extracting ordering physician from note body
2025-08-11 12:35:25.071 -04:00 [INF] Creating device info JSON
2025-08-11 12:35:25.075 -04:00 [INF] Sending order to API
2025-08-11 12:35:25.107 -04:00 [INF] Sending order to API at https://alert-api.com/DrExtract: {
  "device": "CPAP",
  "mask_type": "full face",
  "add_ons": [
    "humidifier"
  ],
  "qualifier": "",
  "ordering_provider": "Dr. Foreman\\n\"\n}"
}
2025-08-11 13:24:54.858 -04:00 [INF] Starting DME Order Extraction
2025-08-11 13:24:54.922 -04:00 [INF] Reading note body from file
2025-08-11 13:24:54.923 -04:00 [INF] Reading file: physician_note2.txt
2025-08-11 13:24:54.927 -04:00 [INF] Extracting order from note body
2025-08-11 13:24:54.928 -04:00 [INF] Getting device info from note body
2025-08-11 13:24:54.940 -04:00 [INF] Extracting ordering physician from note body
2025-08-11 13:24:54.952 -04:00 [INF] Creating device info JSON
2025-08-11 13:24:54.956 -04:00 [INF] Sending order to API
2025-08-11 13:24:55.042 -04:00 [INF] Sending order to API at https://alert-api.com/DrExtract: {
  "device": "CPAP",
  "mask_type": "full face",
  "add_ons": [
    "humidifier"
  ],
  "qualifier": "",
  "ordering_provider": "Dr. Foreman\\n\"\n}"
}
2025-08-11 15:38:03.384 -04:00 [INF] Starting DME Order Extraction
2025-08-11 15:38:03.446 -04:00 [INF] Reading note body from file
2025-08-11 15:38:03.447 -04:00 [INF] Reading file: physician_note2.txt
2025-08-11 15:38:03.452 -04:00 [INF] Extracting device-specific order from note body
2025-08-11 15:38:03.455 -04:00 [ERR] Error processing physician note: Value cannot be null. (Parameter 'value')
System.ArgumentNullException: Value cannot be null. (Parameter 'value')
   at System.Globalization.Ordinal.IndexOf(String source, String value, Int32 startIndex, Int32 count, Boolean ignoreCase)
   at System.String.Contains(String value, StringComparison comparisonType)
   at Synapse.DMEOrders.OrderExtractorBase.CanHandle(String noteBody) in /Users/dragon/Lab/Synapse.DMEOrders/DeviceExtractors/OrderExtractorBase.cs:line 25
   at Synapse.DMEOrders.OrderExtractorManager.Extract(String noteBody) in /Users/dragon/Lab/Synapse.DMEOrders/DeviceExtractors/OrderExtractorManager.cs:line 22
   at Synapse.DMEOrders.DMEOrderExtractor.Main(String[] args) in /Users/dragon/Lab/Synapse.DMEOrders/DMEOrderExtractor.cs:line 36
2025-08-11 15:47:33.823 -04:00 [INF] Starting DME Order Extraction
2025-08-11 15:47:33.888 -04:00 [INF] Reading note body from file
2025-08-11 15:47:33.890 -04:00 [INF] Reading file: physician_note2.txt
2025-08-11 15:47:33.893 -04:00 [INF] {
  "data": "Patient Name: Lisa Turner\nDOB: 09/23/1984\nDiagnosis: Severe sleep apnea\nRecommendation: CPAP therapy with full face mask and heated humidifier.\nAHI: 28\nOrdering Physician: Dr. Foreman\n"
}
2025-08-11 15:47:33.894 -04:00 [INF] Extracting device-specific order from note body
2025-08-11 15:47:33.896 -04:00 [ERR] Error processing physician note: Value cannot be null. (Parameter 'value')
System.ArgumentNullException: Value cannot be null. (Parameter 'value')
   at System.Globalization.Ordinal.IndexOf(String source, String value, Int32 startIndex, Int32 count, Boolean ignoreCase)
   at System.String.Contains(String value, StringComparison comparisonType)
   at Synapse.DMEOrders.OrderExtractorBase.CanHandle(String noteBody) in /Users/dragon/Lab/Synapse.DMEOrders/DeviceExtractors/OrderExtractorBase.cs:line 25
   at Synapse.DMEOrders.OrderExtractorManager.Extract(String noteBody) in /Users/dragon/Lab/Synapse.DMEOrders/DeviceExtractors/OrderExtractorManager.cs:line 22
   at Synapse.DMEOrders.DMEOrderExtractor.Main(String[] args) in /Users/dragon/Lab/Synapse.DMEOrders/DMEOrderExtractor.cs:line 36
2025-08-11 15:50:06.938 -04:00 [INF] Starting DME Order Extraction
2025-08-11 15:50:06.999 -04:00 [INF] Reading note body from file
2025-08-11 15:50:07.000 -04:00 [INF] Reading file: physician_note2.txt
2025-08-11 15:50:07.002 -04:00 [INF] {
  "data": "Patient Name: Lisa Turner\nDOB: 09/23/1984\nDiagnosis: Severe sleep apnea\nRecommendation: CPAP therapy with full face mask and heated humidifier.\nAHI: 28\nOrdering Physician: Dr. Foreman\n"
}
2025-08-11 15:50:07.003 -04:00 [INF] Extracting device-specific order from note body
2025-08-11 15:50:07.003 -04:00 [INF] 11111
2025-08-11 15:50:07.005 -04:00 [ERR] Error processing physician note: Value cannot be null. (Parameter 'value')
System.ArgumentNullException: Value cannot be null. (Parameter 'value')
   at System.Globalization.Ordinal.IndexOf(String source, String value, Int32 startIndex, Int32 count, Boolean ignoreCase)
   at System.String.Contains(String value, StringComparison comparisonType)
   at Synapse.DMEOrders.OrderExtractorBase.CanHandle(String noteBody) in /Users/dragon/Lab/Synapse.DMEOrders/DeviceExtractors/OrderExtractorBase.cs:line 25
   at Synapse.DMEOrders.OrderExtractorManager.Extract(String noteBody) in /Users/dragon/Lab/Synapse.DMEOrders/DeviceExtractors/OrderExtractorManager.cs:line 22
   at Synapse.DMEOrders.DMEOrderExtractor.Main(String[] args) in /Users/dragon/Lab/Synapse.DMEOrders/DMEOrderExtractor.cs:line 37
2025-08-11 15:52:16.886 -04:00 [INF] Starting DME Order Extraction
2025-08-11 15:52:16.947 -04:00 [INF] Reading note body from file
2025-08-11 15:52:16.948 -04:00 [INF] Reading file: physician_note2.txt
2025-08-11 15:52:16.952 -04:00 [INF] {
  "data": "Patient Name: Lisa Turner\nDOB: 09/23/1984\nDiagnosis: Severe sleep apnea\nRecommendation: CPAP therapy with full face mask and heated humidifier.\nAHI: 28\nOrdering Physician: Dr. Foreman\n"
}
2025-08-11 15:52:16.953 -04:00 [INF] Extracting device-specific order from note body
2025-08-11 15:52:16.953 -04:00 [INF] 11111
2025-08-11 15:52:16.953 -04:00 [INF] Synapse.DMEOrders.OrderExtractorManager
2025-08-11 15:52:16.956 -04:00 [ERR] Error processing physician note: Value cannot be null. (Parameter 'value')
System.ArgumentNullException: Value cannot be null. (Parameter 'value')
   at System.Globalization.Ordinal.IndexOf(String source, String value, Int32 startIndex, Int32 count, Boolean ignoreCase)
   at System.String.Contains(String value, StringComparison comparisonType)
   at Synapse.DMEOrders.OrderExtractorBase.CanHandle(String noteBody) in /Users/dragon/Lab/Synapse.DMEOrders/DeviceExtractors/OrderExtractorBase.cs:line 25
   at Synapse.DMEOrders.OrderExtractorManager.Extract(String noteBody) in /Users/dragon/Lab/Synapse.DMEOrders/DeviceExtractors/OrderExtractorManager.cs:line 22
   at Synapse.DMEOrders.DMEOrderExtractor.Main(String[] args) in /Users/dragon/Lab/Synapse.DMEOrders/DMEOrderExtractor.cs:line 38
2025-08-11 15:54:08.761 -04:00 [INF] Starting DME Order Extraction
2025-08-11 15:54:08.824 -04:00 [INF] Reading note body from file
2025-08-11 15:54:08.827 -04:00 [INF] Reading file: physician_note2.txt
2025-08-11 15:54:08.830 -04:00 [INF] {
  "data": "Patient Name: Lisa Turner\nDOB: 09/23/1984\nDiagnosis: Severe sleep apnea\nRecommendation: CPAP therapy with full face mask and heated humidifier.\nAHI: 28\nOrdering Physician: Dr. Foreman\n"
}
2025-08-11 15:54:08.830 -04:00 [INF] Extracting device-specific order from note body
2025-08-11 15:54:08.831 -04:00 [INF] 11111
2025-08-11 15:54:08.831 -04:00 [INF] Synapse.DMEOrders.OrderExtractorManager
2025-08-11 15:54:08.831 -04:00 [INF] Using extractor: OrderExtractorCPAP
2025-08-11 15:54:08.833 -04:00 [INF] AAugh
2025-08-11 15:54:08.833 -04:00 [INF] Extracting CPAP order info
2025-08-11 15:54:08.851 -04:00 [INF] Sending order to API
2025-08-11 15:54:08.904 -04:00 [INF] Sending order to API at https://alert-api.com/DrExtract: {
  "device": "CPAP",
  "diagnosis": "Severe sleep apnea\\nRecommendation: CPAP therapy with full face mask and heated humidifier.\\nAHI: 28\\nOrdering Physician: Dr. Foreman\\n\"",
  "add_ons": [
    "humidifier"
  ],
  "ordering_provider": "Dr. Foreman",
  "patient_name": "Lisa Turner",
  "dob": "09/23/1984",
  "mask_type": "full face"
}
2025-08-11 15:55:00.026 -04:00 [INF] Starting DME Order Extraction
2025-08-11 15:55:00.153 -04:00 [INF] Reading note body from file
2025-08-11 15:55:00.154 -04:00 [INF] Reading file: physician_note2.txt
2025-08-11 15:55:00.157 -04:00 [INF] {
  "data": "Patient Name: Lisa Turner\nDOB: 09/23/1984\nDiagnosis: Severe sleep apnea\nRecommendation: CPAP therapy with full face mask and heated humidifier.\nAHI: 28\nOrdering Physician: Dr. Foreman\n"
}
2025-08-11 15:55:00.157 -04:00 [INF] Extracting device-specific order from note body
2025-08-11 15:55:00.158 -04:00 [INF] 11111
2025-08-11 15:55:00.158 -04:00 [INF] Synapse.DMEOrders.OrderExtractorManager
2025-08-11 15:55:00.158 -04:00 [INF] Using extractor: OrderExtractorCPAP
2025-08-11 15:55:00.159 -04:00 [INF] AAugh
2025-08-11 15:55:00.159 -04:00 [INF] CPAP
2025-08-11 15:55:00.159 -04:00 [INF] Extracting CPAP order info
2025-08-11 15:55:00.176 -04:00 [INF] Sending order to API
2025-08-11 15:55:00.200 -04:00 [INF] Sending order to API at https://alert-api.com/DrExtract: {
  "device": "CPAP",
  "diagnosis": "Severe sleep apnea\\nRecommendation: CPAP therapy with full face mask and heated humidifier.\\nAHI: 28\\nOrdering Physician: Dr. Foreman\\n\"",
  "add_ons": [
    "humidifier"
  ],
  "ordering_provider": "Dr. Foreman",
  "patient_name": "Lisa Turner",
  "dob": "09/23/1984",
  "mask_type": "full face"
}
2025-08-11 15:55:31.654 -04:00 [INF] Starting DME Order Extraction
2025-08-11 15:55:31.717 -04:00 [INF] Reading note body from file
2025-08-11 15:55:31.719 -04:00 [INF] Reading file: physician_note2.txt
2025-08-11 15:55:31.721 -04:00 [INF] {
  "data": "Patient Name: Lisa Turner\nDOB: 09/23/1984\nDiagnosis: Severe sleep apnea\nRecommendation: CPAP therapy with full face mask and heated humidifier.\nAHI: 28\nOrdering Physician: Dr. Foreman\n"
}
2025-08-11 15:55:31.722 -04:00 [INF] Extracting device-specific order from note body
2025-08-11 15:55:31.722 -04:00 [INF] 11111
2025-08-11 15:55:31.722 -04:00 [INF] Synapse.DMEOrders.OrderExtractorManager
2025-08-11 15:55:31.723 -04:00 [INF] Using extractor: OrderExtractorCPAP
2025-08-11 15:55:31.723 -04:00 [INF] Extracting CPAP order info
2025-08-11 15:55:31.741 -04:00 [INF] Sending order to API
2025-08-11 15:55:31.768 -04:00 [INF] Sending order to API at https://alert-api.com/DrExtract: {
  "device": "CPAP",
  "diagnosis": "Severe sleep apnea\\nRecommendation: CPAP therapy with full face mask and heated humidifier.\\nAHI: 28\\nOrdering Physician: Dr. Foreman\\n\"",
  "add_ons": [
    "humidifier"
  ],
  "ordering_provider": "Dr. Foreman",
  "patient_name": "Lisa Turner",
  "dob": "09/23/1984",
  "mask_type": "full face"
}
2025-08-11 15:56:19.220 -04:00 [INF] Starting DME Order Extraction
2025-08-11 15:56:19.282 -04:00 [INF] Reading note body from file
2025-08-11 15:56:19.283 -04:00 [INF] Reading file: physician_note2.txt
2025-08-11 15:56:19.286 -04:00 [INF] {
  "data": "Patient Name: Lisa Turner\nDOB: 09/23/1984\nDiagnosis: Severe sleep apnea\nRecommendation: CPAP therapy with full face mask and heated humidifier.\nAHI: 28\nOrdering Physician: Dr. Foreman\n"
}
2025-08-11 15:56:19.286 -04:00 [INF] Extracting device-specific order from note body
2025-08-11 15:56:19.287 -04:00 [INF] Using extractor: OrderExtractorCPAP
2025-08-11 15:56:19.287 -04:00 [INF] Extracting CPAP order info
2025-08-11 15:56:19.302 -04:00 [INF] Sending order to API
2025-08-11 15:56:19.327 -04:00 [INF] Sending order to API at https://alert-api.com/DrExtract: {
  "device": "CPAP",
  "diagnosis": "Severe sleep apnea\\nRecommendation: CPAP therapy with full face mask and heated humidifier.\\nAHI: 28\\nOrdering Physician: Dr. Foreman\\n\"",
  "add_ons": [
    "humidifier"
  ],
  "ordering_provider": "Dr. Foreman",
  "patient_name": "Lisa Turner",
  "dob": "09/23/1984",
  "mask_type": "full face"
}
2025-08-11 15:57:55.515 -04:00 [INF] Starting DME Order Extraction
2025-08-11 15:57:55.574 -04:00 [INF] Reading note body from file
2025-08-11 15:57:55.575 -04:00 [INF] Reading file: physician_note2.txt
2025-08-11 15:57:55.578 -04:00 [INF] {
  "data": "Patient Name: Lisa Turner\nDOB: 09/23/1984\nDiagnosis: Severe sleep apnea\nRecommendation: CPAP therapy with full face mask and heated humidifier.\nAHI: 28\nOrdering Physician: Dr. Foreman\n"
}
2025-08-11 15:57:55.578 -04:00 [INF] Extracting device-specific order from note body
2025-08-11 15:57:55.579 -04:00 [INF] Using extractor: OrderExtractorCPAP
2025-08-11 15:57:55.579 -04:00 [INF] Extracting CPAP order info
2025-08-11 15:57:55.595 -04:00 [INF] Sending order to API
2025-08-11 15:57:55.621 -04:00 [INF] Sending order to API at https://alert-api.com/DrExtract: {
  "device": "CPAP",
  "diagnosis": "Severe sleep apnea\\nRecommendation: CPAP therapy with full face mask and heated humidifier.\\nAHI: 28\\nOrdering Physician: Dr. Foreman\\n\"",
  "add_ons": [
    "humidifier"
  ],
  "ordering_provider": "Dr. Foreman",
  "patient_name": "Lisa Turner",
  "dob": "09/23/1984",
  "mask_type": "full face"
}
2025-08-11 15:58:05.866 -04:00 [INF] Starting DME Order Extraction
2025-08-11 15:58:05.926 -04:00 [INF] Reading note body from file
2025-08-11 15:58:05.928 -04:00 [INF] Reading file: physician_note1.txt
2025-08-11 15:58:05.931 -04:00 [INF] Patient Name: Harold Finch
DOB: 04/12/1952
Diagnosis: COPD
Prescription: Requires a portable oxygen tank delivering 2 L per minute.
Usage: During sleep and exertion.
Ordering Physician: Dr. Cuddy

2025-08-11 15:58:05.931 -04:00 [INF] Extracting device-specific order from note body
2025-08-11 15:58:05.932 -04:00 [INF] Using extractor: OrderExtractorOxygenTank
2025-08-11 15:58:05.932 -04:00 [INF] Extracting Oxygen Tank order info
2025-08-11 15:58:05.947 -04:00 [INF] Sending order to API
2025-08-11 15:58:05.971 -04:00 [INF] Sending order to API at https://alert-api.com/DrExtract: {
  "device": "Oxygen Tank",
  "liters": "2 L",
  "usage": "sleep and exertion",
  "diagnosis": "COPD",
  "ordering_provider": "Dr. Cuddy",
  "patient_name": "Harold Finch",
  "dob": "04/12/1952"
}
2025-08-11 16:01:15.160 -04:00 [INF] Starting DME Order Extraction
2025-08-11 16:01:15.219 -04:00 [INF] Reading note body from file
2025-08-11 16:01:15.220 -04:00 [INF] Reading file: physician_note2.txt
2025-08-11 16:01:15.223 -04:00 [INF] {
  "data": "Patient Name: Lisa Turner\nDOB: 09/23/1984\nDiagnosis: Severe sleep apnea\nRecommendation: CPAP therapy with full face mask and heated humidifier.\nAHI: 28\nOrdering Physician: Dr. Foreman\n"
}
2025-08-11 16:01:15.223 -04:00 [INF] Extracting device-specific order from note body
2025-08-11 16:01:15.224 -04:00 [INF] Using extractor: OrderExtractorCPAP
2025-08-11 16:01:15.225 -04:00 [INF] Extracting CPAP order info
2025-08-11 16:01:15.239 -04:00 [INF] Sending order to API
2025-08-11 16:01:15.264 -04:00 [INF] Sending order to API at https://alert-api.com/DrExtract: {
  "device": "CPAP",
  "diagnosis": "Severe sleep apnea\\nRecommendation: CPAP therapy with full face mask and heated humidifier.\\nAHI: 28\\nOrdering Physician: Dr. Foreman\\n\"",
  "add_ons": [
    "humidifier"
  ],
  "ordering_provider": "Dr. Foreman",
  "patient_name": "Lisa Turner",
  "dob": "09/23/1984",
  "mask_type": "full face"
}
2025-08-11 16:03:44.862 -04:00 [INF] Starting DME Order Extraction
2025-08-11 16:03:44.924 -04:00 [INF] Reading note body from file
2025-08-11 16:03:44.925 -04:00 [INF] Reading file: physician_note2.txt
2025-08-11 16:03:44.928 -04:00 [INF] {
  "data": "Patient Name: Lisa Turner\nDOB: 09/23/1984\nDiagnosis: Severe sleep apnea\nRecommendation: CPAP therapy with full face mask and heated humidifier.\nAHI: 28\nOrdering Physician: Dr. Foreman\n"
}
2025-08-11 16:03:44.929 -04:00 [INF] Extracting device-specific order from note body
2025-08-11 16:03:44.930 -04:00 [INF] Using extractor: OrderExtractorCPAP
2025-08-11 16:03:44.930 -04:00 [INF] Extracting CPAP order info
2025-08-11 16:03:44.945 -04:00 [INF] Sending order to API
2025-08-11 16:03:44.969 -04:00 [INF] Sending order to API at https://alert-api.com/DrExtract: {
  "device": "CPAP",
  "diagnosis": "Severe sleep apnea\\nRecommendation: CPAP therapy with full face mask and heated humidifier.\\nAHI: 28\\nOrdering Physician: Dr. Foreman\\n\"",
  "add_ons": [
    "humidifier"
  ],
  "ordering_provider": "Dr. Foreman",
  "patient_name": "Lisa Turner",
  "dob": "09/23/1984",
  "mask_type": "full face"
}
2025-08-11 16:03:54.994 -04:00 [INF] Starting DME Order Extraction
2025-08-11 16:03:55.055 -04:00 [INF] Reading note body from file
2025-08-11 16:03:55.056 -04:00 [INF] Reading file: physician_note1.txt
2025-08-11 16:03:55.059 -04:00 [INF] Patient Name: Harold Finch
DOB: 04/12/1952
Diagnosis: COPD
Prescription: Requires a portable oxygen tank delivering 2 L per minute.
Usage: During sleep and exertion.
Ordering Physician: Dr. Cuddy

2025-08-11 16:03:55.059 -04:00 [INF] Extracting device-specific order from note body
2025-08-11 16:03:55.060 -04:00 [INF] Using extractor: OrderExtractorOxygenTank
2025-08-11 16:03:55.061 -04:00 [INF] Extracting Oxygen Tank order info
2025-08-11 16:03:55.073 -04:00 [INF] Sending order to API
2025-08-11 16:03:55.098 -04:00 [INF] Sending order to API at https://alert-api.com/DrExtract: {
  "device": "Oxygen Tank",
  "liters": "2 L",
  "usage": "sleep and exertion",
  "diagnosis": "COPD",
  "ordering_provider": "Dr. Cuddy",
  "patient_name": "Harold Finch",
  "dob": "04/12/1952"
}
